E:\gitee\kingcrab\src\OpenClaw.Core\Models\OperatorGovernanceModels.cs(356,26): error CS0246: 鏈兘鎵惧埌绫诲瀷鎴栧懡鍚嶇┖闂村悕鈥淒ashboardNamedMetric鈥?鏄惁缂哄皯 using 鎸囦护鎴栫▼搴忛泦寮曠敤?) [E:\gitee\kingcrab\src\OpenClaw.Core\OpenClaw.Core.csproj]
E:\gitee\kingcrab\src\OpenClaw.Core\Models\OperatorGovernanceModels.cs(357,26): error CS0246: 鏈兘鎵惧埌绫诲瀷鎴栧懡鍚嶇┖闂村悕鈥淒ashboardNamedMetric鈥?鏄惁缂哄皯 using 鎸囦护鎴栫▼搴忛泦寮曠敤?) [E:\gitee\kingcrab\src\OpenClaw.Core\OpenClaw.Core.csproj]
E:\gitee\kingcrab\src\OpenClaw.Core\Models\OperatorGovernanceModels.cs(358,26): error CS0246: 鏈兘鎵惧埌绫诲瀷鎴栧懡鍚嶇┖闂村悕鈥淒ashboardNamedMetric鈥?鏄惁缂哄皯 using 鎸囦护鎴栫▼搴忛泦寮曠敤?) [E:\gitee\kingcrab\src\OpenClaw.Core\OpenClaw.Core.csproj]
E:\gitee\kingcrab\src\OpenClaw.Core\Models\OperatorGovernanceModels.cs(359,26): error CS0246: 鏈兘鎵惧埌绫诲瀷鎴栧懡鍚嶇┖闂村悕鈥淒ashboardNamedMetric鈥?鏄惁缂哄皯 using 鎸囦护鎴栫▼搴忛泦寮曠敤?) [E:\gitee\kingcrab\src\OpenClaw.Core\OpenClaw.Core.csproj]
E:\gitee\kingcrab\src\OpenClaw.Core\Models\OperatorGovernanceModels.cs(360,26): error CS0246: 鏈兘鎵惧埌绫诲瀷鎴栧懡鍚嶇┖闂村悕鈥淒ashboardNamedMetric鈥?鏄惁缂哄皯 using 鎸囦护鎴栫▼搴忛泦寮曠敤?) [E:\gitee\kingcrab\src\OpenClaw.Core\OpenClaw.Core.csproj]
E:\gitee\kingcrab\src\OpenClaw.Core\Models\OperatorGovernanceModels.cs(361,26): error CS0246: 鏈兘鎵惧埌绫诲瀷鎴栧懡鍚嶇┖闂村悕鈥淒ashboardNamedMetric鈥?鏄惁缂哄皯 using 鎸囦护鎴栫▼搴忛泦寮曠敤?) [E:\gitee\kingcrab\src\OpenClaw.Core\OpenClaw.Core.csproj]
E:\gitee\kingcrab\src\OpenClaw.Core\Models\OperatorGovernanceModels.cs(362,26): error CS0246: 鏈兘鎵惧埌绫诲瀷鎴栧懡鍚嶇┖闂村悕鈥淒ashboardNamedMetric鈥?鏄惁缂哄皯 using 鎸囦护鎴栫▼搴忛泦寮曠敤?) [E:\gitee\kingcrab\src\OpenClaw.Core\OpenClaw.Core.csproj]
E:\gitee\kingcrab\src\OpenClaw.Core\Models\OperatorGovernanceModels.cs(398,26): error CS0246: 鏈兘鎵惧埌绫诲瀷鎴栧懡鍚嶇┖闂村悕鈥淒ashboardNamedMetric鈥?鏄惁缂哄皯 using 鎸囦护鎴栫▼搴忛泦寮曠敤?) [E:\gitee\kingcrab\src\OpenClaw.Core\OpenClaw.Core.csproj]
E:\gitee\kingcrab\src\OpenClaw.Core\Models\OperatorGovernanceModels.cs(399,26): error CS0246: 鏈兘鎵惧埌绫诲瀷鎴栧懡鍚嶇┖闂村悕鈥淒ashboardNamedMetric鈥?鏄惁缂哄皯 using 鎸囦护鎴栫▼搴忛泦寮曠敤?) [E:\gitee\kingcrab\src\OpenClaw.Core\OpenClaw.Core.csproj]
